exports[`test works? 1`] = `
<div>
  hello
</div>
`;
